[i0001] Failed to authenticate: OAuth session expired and could not be refreshed
[i0001] ✓ 0 in / 0 out tokens, $0.0000, 1 turns, 1.3s
[i0001] Failed to authenticate: OAuth session expired and could not be refreshed
[i0001] ✓ 0 in / 0 out tokens, $0.0000, 1 turns, 0.1s
[i0001] Failed to authenticate: OAuth session expired and could not be refreshed
[i0001] ✓ 0 in / 0 out tokens, $0.0000, 1 turns, 0.1s
[i0001] Failed to authenticate: OAuth session expired and could not be refreshed
[i0001] ✓ 0 in / 0 out tokens, $0.0000, 1 turns, 0.1s
[i0001] Failed to authenticate: OAuth session expired and could not be refreshed
[i0001] ✓ 0 in / 0 out tokens, $0.0000, 1 turns, 0.1s
[i0001] Failed to authenticate: OAuth session expired and could not be refreshed
[i0001] ✓ 0 in / 0 out tokens, $0.0000, 1 turns, 0.1s
[i0001] Failed to authenticate: OAuth session expired and could not be refreshed
[i0001] ✓ 0 in / 0 out tokens, $0.0000, 1 turns, 0.1s
[i0001] Failed to authenticate: OAuth session expired and could not be refreshed
[i0001] ✓ 0 in / 0 out tokens, $0.0000, 1 turns, 0.1s
[i0001] Failed to authenticate: OAuth session expired and could not be refreshed
[i0001] ✓ 0 in / 0 out tokens, $0.0000, 1 turns, 0.1s
[i0001] Failed to authenticate: OAuth session expired and could not be refreshed
[i0001] ✓ 0 in / 0 out tokens, $0.0000, 1 turns, 0.1s
[i0001] Failed to authenticate: OAuth session expired and could not be refreshed
[i0001] ✓ 0 in / 0 out tokens, $0.0000, 1 turns, 0.1s
[i0001] Failed to authenticate: OAuth session expired and could not be refreshed
[i0001] ✓ 0 in / 0 out tokens, $0.0000, 1 turns, 0.1s
[i0001] Failed to authenticate: OAuth session expired and could not be refreshed
[i0001] ✓ 0 in / 0 out tokens, $0.0000, 1 turns, 0.1s
[i0001] Failed to authenticate: OAuth session expired and could not be refreshed
[i0001] ✓ 0 in / 0 out tokens, $0.0000, 1 turns, 0.1s
[i0001] Failed to authenticate: OAuth session expired and could not be refreshed
[i0001] ✓ 0 in / 0 out tokens, $0.0000, 1 turns, 0.1s
[i0001] Failed to authenticate: OAuth session expired and could not be refreshed
[i0001] ✓ 0 in / 0 out tokens, $0.0000, 1 turns, 0.1s
[i0001] Failed to authenticate: OAuth session expired and could not be refreshed
[i0001] ✓ 0 in / 0 out tokens, $0.0000, 1 turns, 0.1s
[i0001] Failed to authenticate: OAuth session expired and could not be refreshed
[i0001] ✓ 0 in / 0 out tokens, $0.0000, 1 turns, 0.1s
[i0001] Failed to authenticate: OAuth session expired and could not be refreshed
[i0001] ✓ 0 in / 0 out tokens, $0.0000, 1 turns, 0.1s
[i0001] Failed to authenticate: OAuth session expired and could not be refreshed
[i0001] ✓ 0 in / 0 out tokens, $0.0000, 1 turns, 0.1s
[i0001] Failed to authenticate: OAuth session expired and could not be refreshed
[i0001] ✓ 0 in / 0 out tokens, $0.0000, 1 turns, 0.1s
[i0001] Failed to authenticate: OAuth session expired and could not be refreshed
[i0001] ✓ 0 in / 0 out tokens, $0.0000, 1 turns, 0.1s
[i0001] Failed to authenticate: OAuth session expired and could not be refreshed
[i0001] ✓ 0 in / 0 out tokens, $0.0000, 1 turns, 0.1s
[i0001] Failed to authenticate: OAuth session expired and could not be refreshed
[i0001] ✓ 0 in / 0 out tokens, $0.0000, 1 turns, 0.1s
[i0001] Failed to authenticate: OAuth session expired and could not be refreshed
[i0001] ✓ 0 in / 0 out tokens, $0.0000, 1 turns, 0.1s
[i0001] Failed to authenticate: OAuth session expired and could not be refreshed
[i0001] ✓ 0 in / 0 out tokens, $0.0000, 1 turns, 0.1s
[i0001] Failed to authenticate: OAuth session expired and could not be refreshed
[i0001] ✓ 0 in / 0 out tokens, $0.0000, 1 turns, 0.1s
[i0001] Failed to authenticate: OAuth session expired and could not be refreshed
[i0001] ✓ 0 in / 0 out tokens, $0.0000, 1 turns, 0.1s
[i0001] Failed to authenticate: OAuth session expired and could not be refreshed
[i0001] ✓ 0 in / 0 out tokens, $0.0000, 1 turns, 0.1s
[i0001] Failed to authenticate: OAuth session expired and could not be refreshed
[i0001] ✓ 0 in / 0 out tokens, $0.0000, 1 turns, 0.1s
[i0001] Failed to authenticate: OAuth session expired and could not be refreshed
[i0001] ✓ 0 in / 0 out tokens, $0.0000, 1 turns, 0.1s
[i0001] Failed to authenticate: OAuth session expired and could not be refreshed
[i0001] ✓ 0 in / 0 out tokens, $0.0000, 1 turns, 0.1s
[i0001] Failed to authenticate: OAuth session expired and could not be refreshed
[i0001] ✓ 0 in / 0 out tokens, $0.0000, 1 turns, 0.1s
[i0001] Failed to authenticate: OAuth session expired and could not be refreshed
[i0001] ✓ 0 in / 0 out tokens, $0.0000, 1 turns, 0.1s
[i0001] Failed to authenticate: OAuth session expired and could not be refreshed
[i0001] ✓ 0 in / 0 out tokens, $0.0000, 1 turns, 0.1s
[i0001] Failed to authenticate: OAuth session expired and could not be refreshed
[i0001] ✓ 0 in / 0 out tokens, $0.0000, 1 turns, 0.1s
[i0001] Failed to authenticate: OAuth session expired and could not be refreshed
[i0001] ✓ 0 in / 0 out tokens, $0.0000, 1 turns, 0.1s
[i0001] Failed to authenticate: OAuth session expired and could not be refreshed
[i0001] ✓ 0 in / 0 out tokens, $0.0000, 1 turns, 0.1s
[i0001] Failed to authenticate: OAuth session expired and could not be refreshed
[i0001] ✓ 0 in / 0 out tokens, $0.0000, 1 turns, 0.1s
[i0001] Failed to authenticate: OAuth session expired and could not be refreshed
[i0001] ✓ 0 in / 0 out tokens, $0.0000, 1 turns, 0.1s
[i0001] Failed to authenticate: OAuth session expired and could not be refreshed
[i0001] ✓ 0 in / 0 out tokens, $0.0000, 1 turns, 0.1s
[i0001] Failed to authenticate: OAuth session expired and could not be refreshed
[i0001] ✓ 0 in / 0 out tokens, $0.0000, 1 turns, 0.1s
[i0001] Failed to authenticate: OAuth session expired and could not be refreshed
[i0001] ✓ 0 in / 0 out tokens, $0.0000, 1 turns, 0.1s
[i0001] Failed to authenticate: OAuth session expired and could not be refreshed
[i0001] ✓ 0 in / 0 out tokens, $0.0000, 1 turns, 0.1s
[i0001] Failed to authenticate: OAuth session expired and could not be refreshed
[i0001] ✓ 0 in / 0 out tokens, $0.0000, 1 turns, 0.1s
[i0001] Failed to authenticate: OAuth session expired and could not be refreshed
[i0001] ✓ 0 in / 0 out tokens, $0.0000, 1 turns, 0.1s
[i0001] Failed to authenticate: OAuth session expired and could not be refreshed
[i0001] ✓ 0 in / 0 out tokens, $0.0000, 1 turns, 0.1s
[i0001] Failed to authenticate: OAuth session expired and could not be refreshed
[i0001] ✓ 0 in / 0 out tokens, $0.0000, 1 turns, 0.1s
[i0001] Failed to authenticate: OAuth session expired and could not be refreshed
[i0001] ✓ 0 in / 0 out tokens, $0.0000, 1 turns, 0.1s
[i0001] Failed to authenticate: OAuth session expired and could not be refreshed
[i0001] ✓ 0 in / 0 out tokens, $0.0000, 1 turns, 0.1s
[i0001] Failed to authenticate: OAuth session expired and could not be refreshed
[i0001] ✓ 0 in / 0 out tokens, $0.0000, 1 turns, 0.1s
[i0001] Failed to authenticate: OAuth session expired and could not be refreshed
[i0001] ✓ 0 in / 0 out tokens, $0.0000, 1 turns, 0.1s
[i0001] Failed to authenticate: OAuth session expired and could not be refreshed
[i0001] ✓ 0 in / 0 out tokens, $0.0000, 1 turns, 0.1s
[i0001] Failed to authenticate: OAuth session expired and could not be refreshed
[i0001] ✓ 0 in / 0 out tokens, $0.0000, 1 turns, 0.1s
[i0001] Failed to authenticate: OAuth session expired and could not be refreshed
[i0001] ✓ 0 in / 0 out tokens, $0.0000, 1 turns, 0.1s
[i0001] Failed to authenticate: OAuth session expired and could not be refreshed
[i0001] ✓ 0 in / 0 out tokens, $0.0000, 1 turns, 0.1s
[i0001] Failed to authenticate: OAuth session expired and could not be refreshed
[i0001] ✓ 0 in / 0 out tokens, $0.0000, 1 turns, 0.1s
[i0001] Failed to authenticate: OAuth session expired and could not be refreshed
[i0001] ✓ 0 in / 0 out tokens, $0.0000, 1 turns, 0.1s
[i0001] Failed to authenticate: OAuth session expired and could not be refreshed
[i0001] ✓ 0 in / 0 out tokens, $0.0000, 1 turns, 0.1s
[i0001] Failed to authenticate: OAuth session expired and could not be refreshed
[i0001] ✓ 0 in / 0 out tokens, $0.0000, 1 turns, 0.1s
[i0001] Failed to authenticate: OAuth session expired and could not be refreshed
[i0001] ✓ 0 in / 0 out tokens, $0.0000, 1 turns, 0.1s
[i0001] Failed to authenticate: OAuth session expired and could not be refreshed
[i0001] ✓ 0 in / 0 out tokens, $0.0000, 1 turns, 0.1s
[i0001] Failed to authenticate: OAuth session expired and could not be refreshed
[i0001] ✓ 0 in / 0 out tokens, $0.0000, 1 turns, 0.1s
[i0001] Failed to authenticate: OAuth session expired and could not be refreshed
[i0001] ✓ 0 in / 0 out tokens, $0.0000, 1 turns, 0.1s
[i0001] Failed to authenticate: OAuth session expired and could not be refreshed
[i0001] ✓ 0 in / 0 out tokens, $0.0000, 1 turns, 0.1s
[i0001] Failed to authenticate: OAuth session expired and could not be refreshed
[i0001] ✓ 0 in / 0 out tokens, $0.0000, 1 turns, 0.1s
[i0001] Failed to authenticate: OAuth session expired and could not be refreshed
[i0001] ✓ 0 in / 0 out tokens, $0.0000, 1 turns, 0.1s
[i0001] Failed to authenticate: OAuth session expired and could not be refreshed
[i0001] ✓ 0 in / 0 out tokens, $0.0000, 1 turns, 0.1s
[i0001] Failed to authenticate: OAuth session expired and could not be refreshed
[i0001] ✓ 0 in / 0 out tokens, $0.0000, 1 turns, 0.1s
[i0001] Failed to authenticate: OAuth session expired and could not be refreshed
[i0001] ✓ 0 in / 0 out tokens, $0.0000, 1 turns, 0.1s
[i0001] Failed to authenticate: OAuth session expired and could not be refreshed
[i0001] ✓ 0 in / 0 out tokens, $0.0000, 1 turns, 0.1s
[i0001] Failed to authenticate: OAuth session expired and could not be refreshed
[i0001] ✓ 0 in / 0 out tokens, $0.0000, 1 turns, 0.1s
[i0001] Failed to authenticate: OAuth session expired and could not be refreshed
[i0001] ✓ 0 in / 0 out tokens, $0.0000, 1 turns, 0.1s
[i0001] Failed to authenticate: OAuth session expired and could not be refreshed
[i0001] ✓ 0 in / 0 out tokens, $0.0000, 1 turns, 0.1s
[i0001] Failed to authenticate: OAuth session expired and could not be refreshed
[i0001] ✓ 0 in / 0 out tokens, $0.0000, 1 turns, 0.1s
[i0001] Failed to authenticate: OAuth session expired and could not be refreshed
[i0001] ✓ 0 in / 0 out tokens, $0.0000, 1 turns, 0.1s
[i0001] Failed to authenticate: OAuth session expired and could not be refreshed
[i0001] ✓ 0 in / 0 out tokens, $0.0000, 1 turns, 0.1s
[i0001] Failed to authenticate: OAuth session expired and could not be refreshed
[i0001] ✓ 0 in / 0 out tokens, $0.0000, 1 turns, 0.1s
[i0001] Failed to authenticate: OAuth session expired and could not be refreshed
[i0001] ✓ 0 in / 0 out tokens, $0.0000, 1 turns, 0.1s
[i0001] Failed to authenticate: OAuth session expired and could not be refreshed
[i0001] ✓ 0 in / 0 out tokens, $0.0000, 1 turns, 0.1s
[i0001] Failed to authenticate: OAuth session expired and could not be refreshed
[i0001] ✓ 0 in / 0 out tokens, $0.0000, 1 turns, 0.1s
[i0001] Failed to authenticate: OAuth session expired and could not be refreshed
[i0001] ✓ 0 in / 0 out tokens, $0.0000, 1 turns, 0.1s
[i0001] Failed to authenticate: OAuth session expired and could not be refreshed
[i0001] ✓ 0 in / 0 out tokens, $0.0000, 1 turns, 0.1s
[i0001] Failed to authenticate: OAuth session expired and could not be refreshed
[i0001] ✓ 0 in / 0 out tokens, $0.0000, 1 turns, 0.1s
[i0001] Failed to authenticate: OAuth session expired and could not be refreshed
[i0001] ✓ 0 in / 0 out tokens, $0.0000, 1 turns, 0.1s
[i0001] Failed to authenticate: OAuth session expired and could not be refreshed
[i0001] ✓ 0 in / 0 out tokens, $0.0000, 1 turns, 0.1s
[i0001] Failed to authenticate: OAuth session expired and could not be refreshed
[i0001] ✓ 0 in / 0 out tokens, $0.0000, 1 turns, 0.1s
[i0001] Failed to authenticate: OAuth session expired and could not be refreshed
[i0001] ✓ 0 in / 0 out tokens, $0.0000, 1 turns, 0.1s
[i0001] Failed to authenticate: OAuth session expired and could not be refreshed
[i0001] ✓ 0 in / 0 out tokens, $0.0000, 1 turns, 0.1s
[i0001] Failed to authenticate: OAuth session expired and could not be refreshed
[i0001] ✓ 0 in / 0 out tokens, $0.0000, 1 turns, 0.1s
[i0001] Failed to authenticate: OAuth session expired and could not be refreshed
[i0001] ✓ 0 in / 0 out tokens, $0.0000, 1 turns, 0.1s
[i0001] Failed to authenticate: OAuth session expired and could not be refreshed
[i0001] ✓ 0 in / 0 out tokens, $0.0000, 1 turns, 0.1s
[i0001] Failed to authenticate: OAuth session expired and could not be refreshed
[i0001] ✓ 0 in / 0 out tokens, $0.0000, 1 turns, 0.1s
[i0001] Failed to authenticate: OAuth session expired and could not be refreshed
[i0001] ✓ 0 in / 0 out tokens, $0.0000, 1 turns, 0.1s
[i0001] Failed to authenticate: OAuth session expired and could not be refreshed
[i0001] ✓ 0 in / 0 out tokens, $0.0000, 1 turns, 0.1s
[i0001] Failed to authenticate: OAuth session expired and could not be refreshed
[i0001] ✓ 0 in / 0 out tokens, $0.0000, 1 turns, 0.1s
[i0001] Failed to authenticate: OAuth session expired and could not be refreshed
[i0001] ✓ 0 in / 0 out tokens, $0.0000, 1 turns, 0.1s
[i0001] Failed to authenticate: OAuth session expired and could not be refreshed
[i0001] ✓ 0 in / 0 out tokens, $0.0000, 1 turns, 0.1s
[i0001] Failed to authenticate: OAuth session expired and could not be refreshed
[i0001] ✓ 0 in / 0 out tokens, $0.0000, 1 turns, 0.1s
[i0001] Failed to authenticate: OAuth session expired and could not be refreshed
[i0001] ✓ 0 in / 0 out tokens, $0.0000, 1 turns, 0.1s
[i0001] Failed to authenticate: OAuth session expired and could not be refreshed
[i0001] ✓ 0 in / 0 out tokens, $0.0000, 1 turns, 0.1s
[i0001] Failed to authenticate: OAuth session expired and could not be refreshed
[i0001] ✓ 0 in / 0 out tokens, $0.0000, 1 turns, 0.1s
[i0001] Failed to authenticate: OAuth session expired and could not be refreshed
[i0001] ✓ 0 in / 0 out tokens, $0.0000, 1 turns, 0.1s
[i0001] Failed to authenticate: OAuth session expired and could not be refreshed
[i0001] ✓ 0 in / 0 out tokens, $0.0000, 1 turns, 0.1s
[i0001] Failed to authenticate: OAuth session expired and could not be refreshed
[i0001] ✓ 0 in / 0 out tokens, $0.0000, 1 turns, 0.1s
[i0001] Failed to authenticate: OAuth session expired and could not be refreshed
[i0001] ✓ 0 in / 0 out tokens, $0.0000, 1 turns, 0.1s
[i0001] Failed to authenticate: OAuth session expired and could not be refreshed
[i0001] ✓ 0 in / 0 out tokens, $0.0000, 1 turns, 0.1s
[i0001] Failed to authenticate: OAuth session expired and could not be refreshed
[i0001] ✓ 0 in / 0 out tokens, $0.0000, 1 turns, 0.1s
[i0001] Failed to authenticate: OAuth session expired and could not be refreshed
[i0001] ✓ 0 in / 0 out tokens, $0.0000, 1 turns, 0.1s
[i0001] Failed to authenticate: OAuth session expired and could not be refreshed
[i0001] ✓ 0 in / 0 out tokens, $0.0000, 1 turns, 0.1s
[i0001] Failed to authenticate: OAuth session expired and could not be refreshed
[i0001] ✓ 0 in / 0 out tokens, $0.0000, 1 turns, 0.1s
[i0001] Failed to authenticate: OAuth session expired and could not be refreshed
[i0001] ✓ 0 in / 0 out tokens, $0.0000, 1 turns, 0.1s
[i0001] Failed to authenticate: OAuth session expired and could not be refreshed
[i0001] ✓ 0 in / 0 out tokens, $0.0000, 1 turns, 0.1s
[i0001] Failed to authenticate: OAuth session expired and could not be refreshed
[i0001] ✓ 0 in / 0 out tokens, $0.0000, 1 turns, 0.1s
[i0001] Failed to authenticate: OAuth session expired and could not be refreshed
[i0001] ✓ 0 in / 0 out tokens, $0.0000, 1 turns, 0.1s
[i0001] Failed to authenticate: OAuth session expired and could not be refreshed
[i0001] ✓ 0 in / 0 out tokens, $0.0000, 1 turns, 0.1s
[i0001] Failed to authenticate: OAuth session expired and could not be refreshed
[i0001] ✓ 0 in / 0 out tokens, $0.0000, 1 turns, 0.1s
[i0001] Failed to authenticate: OAuth session expired and could not be refreshed
[i0001] ✓ 0 in / 0 out tokens, $0.0000, 1 turns, 0.1s
[i0001] Failed to authenticate: OAuth session expired and could not be refreshed
[i0001] ✓ 0 in / 0 out tokens, $0.0000, 1 turns, 0.1s
[i0001] Failed to authenticate: OAuth session expired and could not be refreshed
[i0001] ✓ 0 in / 0 out tokens, $0.0000, 1 turns, 0.1s
[i0001] Failed to authenticate: OAuth session expired and could not be refreshed
[i0001] ✓ 0 in / 0 out tokens, $0.0000, 1 turns, 0.1s
[i0001] Failed to authenticate: OAuth session expired and could not be refreshed
[i0001] ✓ 0 in / 0 out tokens, $0.0000, 1 turns, 0.1s
[i0001] Failed to authenticate: OAuth session expired and could not be refreshed
[i0001] ✓ 0 in / 0 out tokens, $0.0000, 1 turns, 0.1s
[i0001] Failed to authenticate: OAuth session expired and could not be refreshed
[i0001] ✓ 0 in / 0 out tokens, $0.0000, 1 turns, 0.1s
[i0001] Failed to authenticate: OAuth session expired and could not be refreshed
[i0001] ✓ 0 in / 0 out tokens, $0.0000, 1 turns, 0.1s
[i0001] Failed to authenticate: OAuth session expired and could not be refreshed
[i0001] ✓ 0 in / 0 out tokens, $0.0000, 1 turns, 0.1s
[i0001] Failed to authenticate: OAuth session expired and could not be refreshed
[i0001] ✓ 0 in / 0 out tokens, $0.0000, 1 turns, 0.1s
[i0001] Failed to authenticate: OAuth session expired and could not be refreshed
[i0001] ✓ 0 in / 0 out tokens, $0.0000, 1 turns, 0.1s
[i0001] Failed to authenticate: OAuth session expired and could not be refreshed
[i0001] ✓ 0 in / 0 out tokens, $0.0000, 1 turns, 0.1s
[i0001] Failed to authenticate: OAuth session expired and could not be refreshed
[i0001] ✓ 0 in / 0 out tokens, $0.0000, 1 turns, 0.1s
[i0001] Failed to authenticate: OAuth session expired and could not be refreshed
[i0001] ✓ 0 in / 0 out tokens, $0.0000, 1 turns, 0.1s
[i0001] Failed to authenticate: OAuth session expired and could not be refreshed
[i0001] ✓ 0 in / 0 out tokens, $0.0000, 1 turns, 0.1s
[i0001] Failed to authenticate: OAuth session expired and could not be refreshed
[i0001] ✓ 0 in / 0 out tokens, $0.0000, 1 turns, 0.1s
[i0001] Failed to authenticate: OAuth session expired and could not be refreshed
[i0001] ✓ 0 in / 0 out tokens, $0.0000, 1 turns, 0.1s
[i0001] Failed to authenticate: OAuth session expired and could not be refreshed
[i0001] ✓ 0 in / 0 out tokens, $0.0000, 1 turns, 0.1s
[i0001] Failed to authenticate: OAuth session expired and could not be refreshed
[i0001] ✓ 0 in / 0 out tokens, $0.0000, 1 turns, 0.1s
[i0001] Failed to authenticate: OAuth session expired and could not be refreshed
[i0001] ✓ 0 in / 0 out tokens, $0.0000, 1 turns, 0.1s
[i0001] Failed to authenticate: OAuth session expired and could not be refreshed
[i0001] ✓ 0 in / 0 out tokens, $0.0000, 1 turns, 0.1s
[i0001] Failed to authenticate: OAuth session expired and could not be refreshed
[i0001] ✓ 0 in / 0 out tokens, $0.0000, 1 turns, 0.1s
[i0001] Failed to authenticate: OAuth session expired and could not be refreshed
[i0001] ✓ 0 in / 0 out tokens, $0.0000, 1 turns, 0.1s
[i0001] Failed to authenticate: OAuth session expired and could not be refreshed
[i0001] ✓ 0 in / 0 out tokens, $0.0000, 1 turns, 0.1s
[i0001] Failed to authenticate: OAuth session expired and could not be refreshed
[i0001] ✓ 0 in / 0 out tokens, $0.0000, 1 turns, 0.1s
[i0001] Failed to authenticate: OAuth session expired and could not be refreshed
[i0001] ✓ 0 in / 0 out tokens, $0.0000, 1 turns, 0.1s
[i0001] Failed to authenticate: OAuth session expired and could not be refreshed
[i0001] ✓ 0 in / 0 out tokens, $0.0000, 1 turns, 0.1s
[i0001] Failed to authenticate: OAuth session expired and could not be refreshed
[i0001] ✓ 0 in / 0 out tokens, $0.0000, 1 turns, 0.1s
[i0001] Failed to authenticate: OAuth session expired and could not be refreshed
[i0001] ✓ 0 in / 0 out tokens, $0.0000, 1 turns, 0.1s
[i0001] Failed to authenticate: OAuth session expired and could not be refreshed
[i0001] ✓ 0 in / 0 out tokens, $0.0000, 1 turns, 0.1s
[i0001] Failed to authenticate: OAuth session expired and could not be refreshed
[i0001] ✓ 0 in / 0 out tokens, $0.0000, 1 turns, 0.1s
[i0001] Failed to authenticate: OAuth session expired and could not be refreshed
[i0001] ✓ 0 in / 0 out tokens, $0.0000, 1 turns, 0.1s
[i0001] Failed to authenticate: OAuth session expired and could not be refreshed
[i0001] ✓ 0 in / 0 out tokens, $0.0000, 1 turns, 0.1s
[i0001] Failed to authenticate: OAuth session expired and could not be refreshed
[i0001] ✓ 0 in / 0 out tokens, $0.0000, 1 turns, 0.1s
[i0001] Failed to authenticate: OAuth session expired and could not be refreshed
[i0001] ✓ 0 in / 0 out tokens, $0.0000, 1 turns, 0.1s
[i0001] Failed to authenticate: OAuth session expired and could not be refreshed
[i0001] ✓ 0 in / 0 out tokens, $0.0000, 1 turns, 0.1s
[i0001] Failed to authenticate: OAuth session expired and could not be refreshed
[i0001] ✓ 0 in / 0 out tokens, $0.0000, 1 turns, 0.1s
[i0001] Failed to authenticate: OAuth session expired and could not be refreshed
[i0001] ✓ 0 in / 0 out tokens, $0.0000, 1 turns, 0.1s
[i0001] Failed to authenticate: OAuth session expired and could not be refreshed
[i0001] ✓ 0 in / 0 out tokens, $0.0000, 1 turns, 0.1s
[i0001] Failed to authenticate: OAuth session expired and could not be refreshed
[i0001] ✓ 0 in / 0 out tokens, $0.0000, 1 turns, 0.1s
[i0001] Failed to authenticate: OAuth session expired and could not be refreshed
[i0001] ✓ 0 in / 0 out tokens, $0.0000, 1 turns, 0.1s
[i0001] Failed to authenticate: OAuth session expired and could not be refreshed
[i0001] ✓ 0 in / 0 out tokens, $0.0000, 1 turns, 0.1s
[i0001] Failed to authenticate: OAuth session expired and could not be refreshed
[i0001] ✓ 0 in / 0 out tokens, $0.0000, 1 turns, 0.1s
[i0001] Failed to authenticate: OAuth session expired and could not be refreshed
[i0001] ✓ 0 in / 0 out tokens, $0.0000, 1 turns, 0.1s
[i0001] Failed to authenticate: OAuth session expired and could not be refreshed
[i0001] ✓ 0 in / 0 out tokens, $0.0000, 1 turns, 0.1s
[i0001] Failed to authenticate: OAuth session expired and could not be refreshed
[i0001] ✓ 0 in / 0 out tokens, $0.0000, 1 turns, 0.1s
[i0001] Failed to authenticate: OAuth session expired and could not be refreshed
[i0001] ✓ 0 in / 0 out tokens, $0.0000, 1 turns, 0.1s
[i0001] Failed to authenticate: OAuth session expired and could not be refreshed
[i0001] ✓ 0 in / 0 out tokens, $0.0000, 1 turns, 0.1s
[i0001] Failed to authenticate: OAuth session expired and could not be refreshed
[i0001] ✓ 0 in / 0 out tokens, $0.0000, 1 turns, 0.1s
[i0001] Failed to authenticate: OAuth session expired and could not be refreshed
[i0001] ✓ 0 in / 0 out tokens, $0.0000, 1 turns, 0.1s
[i0001] Failed to authenticate: OAuth session expired and could not be refreshed
[i0001] ✓ 0 in / 0 out tokens, $0.0000, 1 turns, 0.1s
[i0001] Failed to authenticate: OAuth session expired and could not be refreshed
[i0001] ✓ 0 in / 0 out tokens, $0.0000, 1 turns, 0.1s
[i0001] Failed to authenticate: OAuth session expired and could not be refreshed
[i0001] ✓ 0 in / 0 out tokens, $0.0000, 1 turns, 0.1s
[i0001] Failed to authenticate: OAuth session expired and could not be refreshed
[i0001] ✓ 0 in / 0 out tokens, $0.0000, 1 turns, 0.1s
[i0001] Failed to authenticate: OAuth session expired and could not be refreshed
[i0001] ✓ 0 in / 0 out tokens, $0.0000, 1 turns, 0.1s
[i0001] Failed to authenticate: OAuth session expired and could not be refreshed
[i0001] ✓ 0 in / 0 out tokens, $0.0000, 1 turns, 0.1s
[i0001] Failed to authenticate: OAuth session expired and could not be refreshed
[i0001] ✓ 0 in / 0 out tokens, $0.0000, 1 turns, 0.1s
[i0001] Failed to authenticate: OAuth session expired and could not be refreshed
[i0001] ✓ 0 in / 0 out tokens, $0.0000, 1 turns, 0.1s
[i0001] Failed to authenticate: OAuth session expired and could not be refreshed
[i0001] ✓ 0 in / 0 out tokens, $0.0000, 1 turns, 0.1s
[i0001] Failed to authenticate: OAuth session expired and could not be refreshed
[i0001] ✓ 0 in / 0 out tokens, $0.0000, 1 turns, 0.1s
[i0001] Failed to authenticate: OAuth session expired and could not be refreshed
[i0001] ✓ 0 in / 0 out tokens, $0.0000, 1 turns, 0.1s
[i0001] Failed to authenticate: OAuth session expired and could not be refreshed
[i0001] ✓ 0 in / 0 out tokens, $0.0000, 1 turns, 0.1s
[i0001] Failed to authenticate: OAuth session expired and could not be refreshed
[i0001] ✓ 0 in / 0 out tokens, $0.0000, 1 turns, 0.1s
[i0001] Failed to authenticate: OAuth session expired and could not be refreshed
[i0001] ✓ 0 in / 0 out tokens, $0.0000, 1 turns, 0.1s
[i0001] Failed to authenticate: OAuth session expired and could not be refreshed
[i0001] ✓ 0 in / 0 out tokens, $0.0000, 1 turns, 0.1s
[i0001] Failed to authenticate: OAuth session expired and could not be refreshed
[i0001] ✓ 0 in / 0 out tokens, $0.0000, 1 turns, 0.1s
[i0001] Failed to authenticate: OAuth session expired and could not be refreshed
[i0001] ✓ 0 in / 0 out tokens, $0.0000, 1 turns, 0.1s
[i0001] Failed to authenticate: OAuth session expired and could not be refreshed
[i0001] ✓ 0 in / 0 out tokens, $0.0000, 1 turns, 0.1s
[i0001] Failed to authenticate: OAuth session expired and could not be refreshed
[i0001] ✓ 0 in / 0 out tokens, $0.0000, 1 turns, 0.1s
[i0001] Failed to authenticate: OAuth session expired and could not be refreshed
[i0001] ✓ 0 in / 0 out tokens, $0.0000, 1 turns, 0.1s
[i0001] Failed to authenticate: OAuth session expired and could not be refreshed
[i0001] ✓ 0 in / 0 out tokens, $0.0000, 1 turns, 0.1s
[i0001] Failed to authenticate: OAuth session expired and could not be refreshed
[i0001] ✓ 0 in / 0 out tokens, $0.0000, 1 turns, 0.1s
[i0001] Failed to authenticate: OAuth session expired and could not be refreshed
[i0001] ✓ 0 in / 0 out tokens, $0.0000, 1 turns, 0.1s
[i0001] Failed to authenticate: OAuth session expired and could not be refreshed
[i0001] ✓ 0 in / 0 out tokens, $0.0000, 1 turns, 0.1s
[i0001] Failed to authenticate: OAuth session expired and could not be refreshed
[i0001] ✓ 0 in / 0 out tokens, $0.0000, 1 turns, 0.1s
[i0001] Failed to authenticate: OAuth session expired and could not be refreshed
[i0001] ✓ 0 in / 0 out tokens, $0.0000, 1 turns, 0.1s
[i0001] Failed to authenticate: OAuth session expired and could not be refreshed
[i0001] ✓ 0 in / 0 out tokens, $0.0000, 1 turns, 0.1s
[i0001] Failed to authenticate: OAuth session expired and could not be refreshed
[i0001] ✓ 0 in / 0 out tokens, $0.0000, 1 turns, 0.1s
[i0001] Failed to authenticate: OAuth session expired and could not be refreshed
[i0001] ✓ 0 in / 0 out tokens, $0.0000, 1 turns, 0.1s
[i0001] Failed to authenticate: OAuth session expired and could not be refreshed
[i0001] ✓ 0 in / 0 out tokens, $0.0000, 1 turns, 0.1s
[i0001] Failed to authenticate: OAuth session expired and could not be refreshed
[i0001] ✓ 0 in / 0 out tokens, $0.0000, 1 turns, 0.1s
[i0001] Failed to authenticate: OAuth session expired and could not be refreshed
[i0001] ✓ 0 in / 0 out tokens, $0.0000, 1 turns, 0.1s
[i0001] Failed to authenticate: OAuth session expired and could not be refreshed
[i0001] ✓ 0 in / 0 out tokens, $0.0000, 1 turns, 0.1s
[i0001] Failed to authenticate: OAuth session expired and could not be refreshed
[i0001] ✓ 0 in / 0 out tokens, $0.0000, 1 turns, 0.1s
[i0001] Failed to authenticate: OAuth session expired and could not be refreshed
[i0001] ✓ 0 in / 0 out tokens, $0.0000, 1 turns, 0.1s
[i0001] Failed to authenticate: OAuth session expired and could not be refreshed
[i0001] ✓ 0 in / 0 out tokens, $0.0000, 1 turns, 0.1s
[i0001] Failed to authenticate: OAuth session expired and could not be refreshed
[i0001] ✓ 0 in / 0 out tokens, $0.0000, 1 turns, 0.1s
[i0001] Failed to authenticate: OAuth session expired and could not be refreshed
[i0001] ✓ 0 in / 0 out tokens, $0.0000, 1 turns, 0.1s
[i0001] Failed to authenticate: OAuth session expired and could not be refreshed
[i0001] ✓ 0 in / 0 out tokens, $0.0000, 1 turns, 0.1s
[i0001] Failed to authenticate: OAuth session expired and could not be refreshed
[i0001] ✓ 0 in / 0 out tokens, $0.0000, 1 turns, 0.1s
[i0001] Failed to authenticate: OAuth session expired and could not be refreshed
[i0001] ✓ 0 in / 0 out tokens, $0.0000, 1 turns, 0.1s
[i0001] Failed to authenticate: OAuth session expired and could not be refreshed
[i0001] ✓ 0 in / 0 out tokens, $0.0000, 1 turns, 0.1s
[i0001] Failed to authenticate: OAuth session expired and could not be refreshed
[i0001] ✓ 0 in / 0 out tokens, $0.0000, 1 turns, 0.1s
[i0001] Failed to authenticate: OAuth session expired and could not be refreshed
[i0001] ✓ 0 in / 0 out tokens, $0.0000, 1 turns, 0.1s
[i0001] Failed to authenticate: OAuth session expired and could not be refreshed
[i0001] ✓ 0 in / 0 out tokens, $0.0000, 1 turns, 0.1s
[i0001] Failed to authenticate: OAuth session expired and could not be refreshed
[i0001] ✓ 0 in / 0 out tokens, $0.0000, 1 turns, 0.1s
[i0001] Failed to authenticate: OAuth session expired and could not be refreshed
[i0001] ✓ 0 in / 0 out tokens, $0.0000, 1 turns, 0.1s
[i0001] Failed to authenticate: OAuth session expired and could not be refreshed
[i0001] ✓ 0 in / 0 out tokens, $0.0000, 1 turns, 0.1s
[i0001] Failed to authenticate: OAuth session expired and could not be refreshed
[i0001] ✓ 0 in / 0 out tokens, $0.0000, 1 turns, 0.1s
[i0001] Failed to authenticate: OAuth session expired and could not be refreshed
[i0001] ✓ 0 in / 0 out tokens, $0.0000, 1 turns, 0.1s
[i0001] Failed to authenticate: OAuth session expired and could not be refreshed
[i0001] ✓ 0 in / 0 out tokens, $0.0000, 1 turns, 0.1s
[i0001] Failed to authenticate: OAuth session expired and could not be refreshed
[i0001] ✓ 0 in / 0 out tokens, $0.0000, 1 turns, 0.1s
[i0001] Failed to authenticate: OAuth session expired and could not be refreshed
[i0001] ✓ 0 in / 0 out tokens, $0.0000, 1 turns, 0.1s
[i0001] Failed to authenticate: OAuth session expired and could not be refreshed
[i0001] ✓ 0 in / 0 out tokens, $0.0000, 1 turns, 0.1s
[i0001] Failed to authenticate: OAuth session expired and could not be refreshed
[i0001] ✓ 0 in / 0 out tokens, $0.0000, 1 turns, 0.1s
[i0001] Failed to authenticate: OAuth session expired and could not be refreshed
[i0001] ✓ 0 in / 0 out tokens, $0.0000, 1 turns, 0.1s
[i0001] Failed to authenticate: OAuth session expired and could not be refreshed
[i0001] ✓ 0 in / 0 out tokens, $0.0000, 1 turns, 0.1s
[i0001] Failed to authenticate: OAuth session expired and could not be refreshed
[i0001] ✓ 0 in / 0 out tokens, $0.0000, 1 turns, 0.1s
[i0001] Failed to authenticate: OAuth session expired and could not be refreshed
[i0001] ✓ 0 in / 0 out tokens, $0.0000, 1 turns, 0.1s
[i0001] Failed to authenticate: OAuth session expired and could not be refreshed
[i0001] ✓ 0 in / 0 out tokens, $0.0000, 1 turns, 0.1s
[i0001] Failed to authenticate: OAuth session expired and could not be refreshed
[i0001] ✓ 0 in / 0 out tokens, $0.0000, 1 turns, 0.1s
[c0001] Failed to authenticate: OAuth session expired and could not be refreshed
[c0001] ✓ 0 in / 0 out tokens, $0.0000, 1 turns, 0.1s
[i0001] Failed to authenticate: OAuth session expired and could not be refreshed
[i0001] ✓ 0 in / 0 out tokens, $0.0000, 1 turns, 0.1s
[c0001] Failed to authenticate: OAuth session expired and could not be refreshed
[c0001] ✓ 0 in / 0 out tokens, $0.0000, 1 turns, 0.1s
[i0001] Failed to authenticate: OAuth session expired and could not be refreshed
[i0001] ✓ 0 in / 0 out tokens, $0.0000, 1 turns, 0.1s
[c0001] Failed to authenticate: OAuth session expired and could not be refreshed
[c0001] ✓ 0 in / 0 out tokens, $0.0000, 1 turns, 0.1s
[i0001] Failed to authenticate: OAuth session expired and could not be refreshed
[i0001] ✓ 0 in / 0 out tokens, $0.0000, 1 turns, 0.1s
[c0001] Failed to authenticate: OAuth session expired and could not be refreshed
[c0001] ✓ 0 in / 0 out tokens, $0.0000, 1 turns, 0.1s
[i0001] Failed to authenticate: OAuth session expired and could not be refreshed
[i0001] ✓ 0 in / 0 out tokens, $0.0000, 1 turns, 0.1s
[c0001] Failed to authenticate: OAuth session expired and could not be refreshed
[c0001] ✓ 0 in / 0 out tokens, $0.0000, 1 turns, 0.1s
[i0001] Failed to authenticate: OAuth session expired and could not be refreshed
[i0001] ✓ 0 in / 0 out tokens, $0.0000, 1 turns, 0.1s
[c0001] Failed to authenticate: OAuth session expired and could not be refreshed
[c0001] ✓ 0 in / 0 out tokens, $0.0000, 1 turns, 0.1s
[c0001] I'll start by picking up the card.
[c0001] → ToolSearch(select:mcp__gello__set_status,mcp__gello__add_question)
[c0001] → mcp__gello__set_status(in-progress)
[c0001] Card is picked up. Now let me read it.
[c0001] → Bash(cat /Users/stephan/CLionProjects/angleOut/.gello/cards/c0001-force-field.md)
[i0001] → ToolSearch(select:mcp__gello__set_status,mcp__gello__add_question)
[c0001] Now let me look at the relevant code.
[i0001] → mcp__gello__set_status(in-progress)
[c0001] → Bash(cat src/materials/force_field.rs && echo "=== SHADER ===" && cat assets/shaders/force_field_material.wgsl)
[c0001] → Bash(wc -l src/arena/mod.rs src/materials/mod.rs && echo "=== ARENA ===" && cat src/arena/mod.rs)
[i0001] Card picked up. Now reading it.
[i0001] → Bash(cat .gello/cards/i0001-controls-not-working-on-8bitdo-pro-2.md)
[i0001] → Bash(cat src/actions/mod.rs)
[i0001] → Bash(grep -rn "MatchActions\|InputMap\|GamepadStick\|DualAxis\|deadzone\|Gamepad" src/ --include="*.rs" | head -60)
[i0001] → Bash(sed -n 1,200p src/ship/mod.rs)
[i0001] → Bash(ls -la src/diagnostics/ 2>/dev/null; echo "---"; git status --short | head -40; echo "---"; git log --oneline -5)
[i0001] → Bash(cat src/diagnostics/mod.rs; echo "=== main.rs ==="; sed -n 1,60p src/main.rs; echo "..."; sed -n 190,260p src/main.rs)
